Direct use of automatic function calling (AFC) in Models.generate_content is not recommended. Instead, we recommend to use AFC in Chat.send_message. Similarly, direct use of AFC in Models.generate_content_stream is not recommended. Instead, we recommend to use AFC in Chat.send_message_stream.
Found 105 general-track candidates to classify
[AttentionIsAllYouNeed_general_c1_v1] -> A (Internal Contradiction): The error introduces a hidden dependency that directly contradicts a core claim of the architecture, making the text's own stated rules (no recurrence) break down.
[AttentionIsAllYouNeed_general_c1_v2] -> D (Others): The error is a gap in the text's specification, where an omitted control (the ability to handle arbitrary sequence lengths) prevents the stated goal from being achieved, which is not the same as the text's own machinery crashing into itself.
[AttentionIsAllYouNeed_general_c1_v3] -> D (Others): The error describes a scenario where the proposed modification fails to achieve its stated goal of a "sufficient" architecture due to an omitted control (the scaling before softmax), which is characteristic of a confounded design.
[AttentionIsAllYouNeed_general_c2_v1] -> C (Undermining a Premise): The error is found by identifying the contested term "generalization" and showing how its operationalization (seq2seq parsing) diverges from its intended meaning (generalization to a different kind of structured prediction problem).
[AttentionIsAllYouNeed_general_c2_v2] -> D (Others): The error describes an inappropriate metric that fails to capture the intended property, which is a common type of flaw not fitting the specific criteria of A, B, or C.
[AttentionIsAllYouNeed_general_c2_v3] -> D (Others): The error describes an experimental design flaw where the chosen data artificially simplifies the problem, preventing the stated goal from being achieved, which is a classic confounded-design error.
[AttentionIsAllYouNeed_general_c3_v1] -> A (Internal Contradiction): The error is a direct consequence of the formula's own stated rules, where the `max` function causes the learning rate to grow unboundedly, leading to a self-defeating outcome for the optimization strategy.
[AttentionIsAllYouNeed_general_c3_v2] -> D (Others): The error describes a simple parameter mismatch where a variable is incorrectly substituted, which is a straightforward implementation bug rather than a conceptual flaw that fits the specific criteria of A, B, or C.
[AttentionIsAllYouNeed_general_c3_v3] -> D (Others): The error is a confounded experimental design, where the interaction between the optimizer and the learning rate schedule is not properly controlled, leading to an unintended outcome.
[AttentionIsAllYouNeed_general_c4_v1] -> D (Others): The error describes a harmful interaction between two distinct regularization techniques, leading to underfitting, which is a specific type of confounded experimental design.
[AttentionIsAllYouNeed_general_c4_v2] -> D (Others): The error is a confounded experimental design, where a hyperparameter choice is made without considering the specific domain's characteristics, which is a type of flaw that doesn't fit the criteria for A, B, or C.
[AttentionIsAllYouNeed_general_c4_v3] -> D (Others): The error relies on an unstated assumption about the relationship between perplexity and BLEU score, which is not explicitly defined or contradicted within the text itself, thus failing the Operational Audit for A.
[AttentionIsAllYouNeed_general_c5_v1] -> D (Others): The error is a confounded experimental design, where the stated goal of keeping computation constant is not achieved due to a miscalculation of the actual computational cost, which is a type of flaw that doesn't fit A, B, or C.
[AttentionIsAllYouNeed_general_c5_v2] -> C (Undermining a Premise): The error arises because the text's stated goal of varying `h` and `d_k` while keeping computation constant is undermined by fixing the scaling factor to `d_model`, which implicitly assumes `d_k` is constant when it is explicitly being varied, thus failing the contested term test.
[AttentionIsAllYouNeed_general_c5_v3] -> D (Others): The error describes a confounded experimental design where a change in one variable (N) prevents the stated goal of evaluating another (h) from being achieved, which is explicitly listed as a characteristic of category D.
[BERT_general_c1_v1] -> D (Others): The error describes a confounded experimental design, which is explicitly given as an example of a flaw that does not fit categories A, B, or C.
[BERT_general_c1_v2] -> C (Undermining a Premise): The error arises because the term "fuses the hidden states at each layer" is used to describe ELMo, but ELMo's actual mechanism (concatenating final outputs) is distinct from what "fusing hidden states at each layer" implies for deep bidirectionality, thus attacking a contested term's operationalization.
[BERT_general_c1_v3] -> C (Undermining a Premise): The error is found by identifying the contested term "richer bidirectional features" and noting that its operationalization (model design) is conflated with its intended meaning (superior real-world performance), leading to a scenario where the two diverge.
[BERT_general_c2_v1] -> D (Others): The error describes a confounded experimental design, which is explicitly given as an example of a flaw that does not fit categories A, B, or C.
[BERT_general_c2_v2] -> D (Others): The error describes a confounded experimental design, which is explicitly given as an example of a flaw that does not fit categories A, B, or C.
[BERT_general_c2_v3] -> D (Others): The error describes a confounded experimental design where an omitted control (re-tuning hyperparameters) prevents the stated goal from being achieved, which is a classic "Others" type of flaw.
[BERT_general_c3_v1] -> D (Others): The error describes an omitted control variable that prevents the stated goal from being achieved, which is explicitly given as an example of a D-type error in the prompt's definition.
[BERT_general_c3_v2] -> D (Others): The error describes a confounded experimental design where an extra variable (tuning effort) prevents the stated goal (measuring model scale impact) from being achieved, which is a classic "Others" type of flaw.
[BERT_general_c3_v3] -> D (Others): The error describes a confounded experimental design, which is explicitly given as an example of a flaw that does not fit categories A, B, or C.
[BERT_general_c4_v1] -> D (Others): The error describes a confounded experimental design where an extra variable (underpowered model) prevents the stated goal (isolating embedding power) from being achieved, which is explicitly listed as a characteristic of category D.
[BERT_general_c4_v2] -> C (Undermining a Premise): The error is a fundamental misapplication of a model component, where the `[CLS]` token's intended purpose (sentence-level aggregation) is conflated with the need for token-level representations for NER, causing the operationalization to diverge from the task's requirements.
[BERT_general_c4_v3] -> D (Others): The error describes a suboptimal data processing choice that biases the comparison, which is a type of confounded experimental design, not a self-contradiction, a conflict with established beliefs, or a conflated term.
[BERT_general_c5_v1] -> D (Others): The error relies on an unstated assumption about the `[CLS]` token's generalizability, which is not explicitly contradicted by the text's own stated rules, nor does it clash with an independent established belief, nor does it involve a contested term doing double duty.
[BERT_general_c5_v2] -> C (Undermining a Premise): The error attacks the implicit premise that the `[CLS]` token is a sufficient aggregate representation, showing how the proposed modification undermines this unstated assumption by suggesting it's an information bottleneck.
[BERT_general_c5_v3] -> C (Undermining a Premise): The error attacks the implicit premise that the final layer's representation is sufficient for the task, by proposing a modification that suggests it is not.
[FLAWS_general_c1_v1] -> D (Others): The error is a mismatch between the broad scope of the hypothesis and the narrow scope of the evidence, which is a confounded experimental design and thus falls into the "Others" category.
[FLAWS_general_c1_v2] -> C (Undermining a Premise): The error is found by identifying "criticality" as a contested term, checking how it's operationalized ("best measured by its connection to claims") versus what it's taken to mean (a falsifiable relationship), and finding a scenario where the two diverge (the research design becomes circular).
[FLAWS_general_c1_v3] -> A (Internal Contradiction): The flaw arises because the text's stated hypothesis (proportional relationship) cannot be tested by its own proposed evaluation metric (binary classification), showing the machinery breaks itself.
[FLAWS_general_c2_v1] -> C (Undermining a Premise): The error is found by identifying the contested term "distinct" and showing how its operationalization (derived from similar foundational architectures) diverges from its intended meaning (independent biases).
[FLAWS_general_c2_v2] -> D (Others): The error arises because the "highly-structured error generation template" acts as a confounding variable, preventing the stated goal of mitigating model-specific biases from being achieved, which is a characteristic of a confounded experimental design.
[FLAWS_general_c2_v3] -> C (Undermining a Premise): The error arises because the term "model-specific biases" is implicitly narrowed to "superficial biases" by the example, creating a divergence between the stated goal and the operationalized scope of mitigation.
[FLAWS_general_c3_v1] -> C (Undermining a Premise): The error relies on a contested term ("first posted") being operationalized as "final versions first posted" while being taken to mean "any version first posted," creating a scenario where the two diverge.
[FLAWS_general_c3_v2] -> C (Undermining a Premise): The error relies on a contested term ("knowledge cutoff") being operationalized as "publicly stated pre-training knowledge cutoff" while being taken to mean "the model's full, evolving training data history," and the scenario shows how these two diverge.
[FLAWS_general_c3_v3] -> C (Undermining a Premise): The error is found by identifying "data contamination" as a contested term, checking its operationalization (arXiv date) versus its intended meaning (model reasoning from scratch), and finding a scenario where they diverge.
[FLAWS_general_c4_v1] -> C (Undermining a Premise): The error arises because the term "robust to minor formatting differences while preserving semantic order" is operationalized by a 0.3 Levenshtein similarity threshold, which is too permissive and thus diverges from its intended meaning of capturing semantic order accurately.
[FLAWS_general_c4_v2] -> D (Others): The error describes a confounded experimental design where an uncontrolled variable (the judge's identity) prevents the stated goal (accurate evaluation) from being achieved, which is explicitly listed as a characteristic of category D.
[FLAWS_general_c4_v3] -> C (Undermining a Premise): The error arises because the term "human consensus" is operationalized as "at least one of two annotators agrees," which diverges from its intended meaning of true agreement, thus failing the contested term test for category C.
[FLAWS_general_c5_v1] -> C (Undermining a Premise): The error is found by identifying "validity" as a contested term, checking its operationalization versus its intended meaning, and finding a scenario where the two diverge.
[FLAWS_general_c5_v2] -> D (Others): The error describes a confounded experimental design where the selection criteria for the human annotation study introduces a bias, which is a common type of flaw not fitting A, B, or C.
[FLAWS_general_c5_v3] -> C (Undermining a Premise): The error relies on the contested term "conceptual error," which is operationalized as "internal contradiction or data mismatch" in the modified text, diverging from its intended meaning of "understanding of deep scientific concepts."
[GrapheneFieldEffect_general_c1_v1] -> C (Undermining a Premise): The error relies on a contested term ("semimetal") whose operationalization (macroscopic electronic transport) diverges from its intended meaning (pristine semimetal behavior), fitting the C category's operational audit.
[GrapheneFieldEffect_general_c1_v2] -> D (Others): The error describes an omitted control variable (channel width) that prevents the stated goal from being achieved, which is a classic confounded experimental design and thus falls under D.
[GrapheneFieldEffect_general_c1_v3] -> B (Conflict with Established Beliefs): The error is a conflict with the established physical properties of 2D semimetals, which cannot achieve a fully insulating state.
[GrapheneFieldEffect_general_c2_v1] -> A (Internal Contradiction): The error is an internal contradiction because the text's own stated property (ambipolar field effect) is impossible given its own stated material classification (degenerate semiconductor), causing the machinery to break itself.
[GrapheneFieldEffect_general_c2_v2] -> D (Others): The error is a fundamental misunderstanding of a physical principle, which is not an internal contradiction, a conflict with established beliefs (it's a direct factual error, not a fork), or an undermining of a premise (no contested term is doing double duty).
[GrapheneFieldEffect_general_c2_v3] -> D (Others): The error relies on an unstated assumption about typical doping levels and the necessity of sweeping voltage across the charge neutrality point, which is not derivable purely from the text's stated rules.
[GrapheneFieldEffect_general_c3_v1] -> D (Others): The error relies on an unstated assumption about the dielectric's breakdown voltage, which is not given in the text, thus failing the Operational Audit for A.
[GrapheneFieldEffect_general_c3_v2] -> D (Others): The error relies on an unstated assumption about surface treatment, which is an omitted control rather than the text's own machinery breaking itself.
[GrapheneFieldEffect_general_c3_v3] -> D (Others): The error describes an external factor (ambient air) introducing an uncontrolled variable (screening and doping) that prevents the stated goal (measuring the film's conductivity and Hall coefficient via gate voltage) from being achieved, which is characteristic of a confounded experimental design.
[GrapheneFieldEffect_general_c4_v1] -> D (Others): The error describes an omitted control (a bidirectional sweep) that would reveal a confounding variable (hysteresis), which is a classic example of a confounded experimental design.
[GrapheneFieldEffect_general_c4_v2] -> D (Others): The error describes an omitted control (negative gate voltages) that prevents the stated goal from being achieved, which is characteristic of a confounded experimental design.
[GrapheneFieldEffect_general_c4_v3] -> D (Others): The error describes a confounded experimental design where an omitted control (Hall measurement) prevents the stated goal (distinguishing carrier type change from artifacts) from being achieved, which is explicitly listed as a characteristic of category D.
[GrapheneFieldEffect_general_c5_v1] -> C (Undermining a Premise): The error arises because the term "source-drain resistance" is operationalized in a way that conflates two distinct physical resistances (channel and contact), leading to an inaccurate measurement of mobility.
[GrapheneFieldEffect_general_c5_v2] -> D (Others): The error describes an omitted but crucial measurement that prevents the stated goal from being achieved, which is a classic confounded-design error and not an internal contradiction, a conflict with established beliefs, or an undermining of a premise.
[GrapheneFieldEffect_general_c5_v3] -> C (Undermining a Premise): The error arises because the term "directly determine" is operationalized using a simplified model (R_H = 1/ne) that is inappropriate for the "ambipolar field effect" regime, where a more complex relationship between the Hall coefficient and carrier densities exists, thus failing the contested term audit.
[InnoEval_general_c1_v1] -> D (Others): The error is not an internal contradiction because the text's machinery doesn't break itself; it's not a conflict with established beliefs because no independent result is violated; and it's not undermining a premise because no contested term is doing double duty.
[InnoEval_general_c1_v2] -> D (Others): The error is a confounded experimental design, as the agent's stated goal of a "detailed analysis of relevance" is undermined by the omission of contradictory evidence, which is a classic example of a missing control or variable that prevents the stated goal from being achieved.
[InnoEval_general_c1_v3] -> C (Undermining a Premise): The error arises because the term "causally independent" is taken to mean something stronger than "statistically independent," and the scenario shows how this conflation leads to a breakdown in the assessment process.
[InnoEval_general_c2_v1] -> D (Others): The error is a confounded experimental design, which is explicitly listed as an example of a D category flaw.
[InnoEval_general_c2_v2] -> D (Others): The error describes an omitted control variable (temporal variance) that prevents the stated goal from being achieved, which is a classic confounded experimental design and thus falls outside the specific criteria for A, B, or C.
[InnoEval_general_c2_v3] -> C (Undermining a Premise): The error arises because the term "paper" is operationalized as "abstract and introduction" for the input, but as "entire paper" for the label, creating a divergence in meaning.
[InnoEval_general_c3_v1] -> D (Others): The error describes a confounded experimental design where an extra variable (topic popularity) prevents the stated goal (pure measure of idea quality) from being achieved, which is explicitly noted as a characteristic of category D.
[InnoEval_general_c3_v2] -> C (Undermining a Premise): The error arises because "paper quality" is conflated with "idea quality," and the operationalization of "idea quality" (introduction and proposed method) diverges from what "paper quality" (entire paper) is taken to mean by reviewers.
[InnoEval_general_c3_v3] -> D (Others): The error describes a confounded experimental design where recency is conflated with paper quality, which is a classic example of a flaw that doesn't fit the specific criteria of A, B, or C.
[InnoEval_general_c4_v1] -> C (Undermining a Premise): The error arises because "weighted F1" operationalizes "overall performance" in a way that diverges from the intended meaning of "fairly judging the system's ability to find good ideas" in the context of imbalanced classes.
[InnoEval_general_c4_v2] -> C (Undermining a Premise): The error arises because the term "distinct" is used to justify metrics that treat all misclassifications equally, despite the categories having an inherent order, thus conflating "distinct" with "equally distant."
[InnoEval_general_c4_v3] -> D (Others): The error describes an inappropriate metric for the decision-making context due to ignored asymmetric error costs, which is a type of flaw that doesn't fit the specific criteria for A, B, or C.
[InnoEval_general_c5_v1] -> C (Undermining a Premise): The error arises because the term "human cognitive patterns" is operationalized as "inter-correlations of human reviewer scores within our OpenReview dataset," creating a scenario where the two diverge.
[InnoEval_general_c5_v2] -> C (Undermining a Premise): The error arises because the term "validity" is operationalized as "significance" within the analysis, creating a scenario where the two concepts are conflated and their relationship is pre-determined by the measurement choice, which is the key test for category C.
[InnoEval_general_c5_v3] -> B (Conflict with Established Beliefs): The error describes a scenario where a statistically sound aggregation method (calculating aggregate correlations) leads to conclusions that are misleading due to the underlying data structure, which is a classic example of Simpson's Paradox, a Type B error.
[McCammonProteinDynamics_general_c1_v1] -> D (Others): The error describes an omitted crucial step (potential energy relaxation) that prevents the stated goal from being achieved, which is characteristic of a confounded experimental design.
[McCammonProteinDynamics_general_c1_v2] -> C (Undermining a Premise): The error relies on a contested term ("correctly filters") where its operationalization (removing explicit hydrogens) diverges from its intended meaning (physically justified filtering of high-frequency noise without altering underlying dynamics).
[McCammonProteinDynamics_general_c1_v3] -> B (Conflict with Established Beliefs): The error is a specific, falsifiable assertion that ignores fundamental polymer physics, which is an external established belief.
[McCammonProteinDynamics_general_c2_v1] -> D (Others): The error relies on an unstated assumption about the simulation duration, which is not given in the text itself, failing the Operational Audit for A.
[McCammonProteinDynamics_general_c2_v2] -> D (Others): The error describes an omitted control (the lack of a stable equilibrium state during data collection) that prevents the stated goal from being achieved, which is characteristic of a confounded experimental design.
[McCammonProteinDynamics_general_c2_v3] -> D (Others): The error is a confounded experimental design, where the stated goal of capturing "essential dynamical characteristics" is prevented by an artificial constraint not derived from the text's own rules, making it a D.
[McCammonProteinDynamics_general_c3_v1] -> B (Conflict with Established Beliefs): The error describes a scenario where the proposed method (periodic velocity rescaling) is internally consistent but clashes with the established understanding of what constitutes a "correct canonical (NVT) ensemble" and "thermally representative dynamic state."
[McCammonProteinDynamics_general_c3_v2] -> D (Others): The error is a gap in the text's specification, as the stated duration is simply insufficient to achieve the stated goal, which is a common type of flaw not fitting A, B, or C.
[McCammonProteinDynamics_general_c3_v3] -> A (Internal Contradiction): The error is an internal contradiction because the stated goal of relaxing stresses is directly prevented by the stated method of restraining atoms, causing the text's own machinery to break itself.
[McCammonProteinDynamics_general_c4_v1] -> D (Others): The error relies on an unstated assumption (decoupling of surface and internal dynamics) that is not explicitly given in the text, failing the Operational Audit for A.
[McCammonProteinDynamics_general_c4_v2] -> D (Others): The error is a confounded experimental design, where the chosen water model prevents the stated goal of an "accurate" simulation from being achieved due to an omitted control (polarization effects), which is a classic D.
[McCammonProteinDynamics_general_c4_v3] -> D (Others): The error describes an omitted control (positional restraints) that prevents the stated goal (accurate simulation) from being achieved, which is characteristic of a confounded experimental design.
[McCammonProteinDynamics_general_c5_v1] -> D (Others): The error relies on an unstated assumption about the protein's conformational stability, which is not explicitly contradicted by the text's own stated rules or definitions.
[McCammonProteinDynamics_general_c5_v2] -> D (Others): The error is a gap in the text's specification, where an unstated assumption (which atoms to align) prevents the stated goal (quantifying motion) from being achieved reproducibly, which is not the same as the text's machinery crashing into itself.
[McCammonProteinDynamics_general_c5_v3] -> C (Undermining a Premise): The error arises because the term "characterize the diffusional nature" is operationalized by RMSF, but RMSF cannot actually perform this characterization, showing a divergence between the term's intended meaning and its operationalization.
[SoundnessBench_general_c1_v1] -> D (Others): The error describes an omitted control variable (complex stylistic confounders) that prevents the experiment from validating the more specific claim, which is a classic confounded experimental design and thus falls under D.
[SoundnessBench_general_c1_v2] -> C (Undermining a Premise): The error is found by identifying "soundness" as a contested term, checking how it's operationalized versus what it's taken to mean, and finding a scenario where the two diverge.
[SoundnessBench_general_c1_v3] -> D (Others): The error describes a confounded experimental design where the sampling method introduces a systematic bias, which is a common type of flaw not fitting the specific criteria of A, B, or C.
[SoundnessBench_general_c2_v1] -> D (Others): The error describes a mismatch between the stated hypothesis and the experimental design, which is a classic confounded experimental design and does not involve the text's own rules breaking, a conflict with established beliefs, or a contested term.
[SoundnessBench_general_c2_v2] -> D (Others): The error describes a scenario where the chosen metric fails to capture the intended effect, which is a classic example of an inappropriate or gameable metric, fitting the description of category D.
[SoundnessBench_general_c2_v3] -> D (Others): The error describes a confounded experimental design where the manipulation fails to create distinct conditions, which is explicitly listed as a type of flaw that usually falls under D.
[SoundnessBench_general_c3_v1] -> C (Undermining a Premise): The error relies on a contested term ("harsh and contrarian reviewer") where its operationalization (stylistic imitation) diverges from its intended meaning (rigorous skeptical evaluation).
[SoundnessBench_general_c3_v2] -> A (Internal Contradiction): The error arises because the text's own stated rules (chain-of-thought analysis and default low rating) directly conflict, causing the system to break itself.
[SoundnessBench_general_c3_v3] -> C (Undermining a Premise): The error relies on the contested term "strict critic," where the operationalization (focusing on one specific flaw) diverges from the intended meaning (general skepticism), fitting the C category's operational audit.
[SoundnessBench_general_c4_v1] -> C (Undermining a Premise): The error arises because the term "recognition" is operationalized too narrowly (as explicit identifiers) while implicitly meaning a broader conceptual understanding, creating a scenario where the two diverge.
[SoundnessBench_general_c4_v2] -> C (Undermining a Premise): The error relies on a contested term ("anonymized") whose operationalization ("simple find-and-replace") diverges from its intended meaning (preventing recognition), fitting the C category's operational audit.
[SoundnessBench_general_c4_v3] -> D (Others): The error is a confounded experimental design, where an omitted control (global anonymization) prevents the stated goal (testing recognition vs. reasoning) from being achieved, which is explicitly listed as a characteristic of category D.
[SoundnessBench_general_c5_v1] -> D (Others): The error describes an extra variable (stylistic shift from T5-small) preventing the stated goal (detecting methodological flaws) from being achieved, which is characteristic of a confounded experimental design.
[SoundnessBench_general_c5_v2] -> C (Undermining a Premise): The error arises because the term "reduces the model's assigned soundness score" is operationalized as detecting methodological flaws, but a scenario is constructed where the score reduction can occur for a different reason (general textual incongruity), thus diverging the operationalization from the intended meaning.
[SoundnessBench_general_c5_v3] -> C (Undermining a Premise): The error arises because the proposed operationalization of "severe methodological flaw" (syntactic name mismatch) diverges from the intended meaning of "methodological reasoning," making the test an invalid proxy.
