Direct use of automatic function calling (AFC) in Models.generate_content is not recommended. Instead, we recommend to use AFC in Chat.send_message. Similarly, direct use of AFC in Models.generate_content_stream is not recommended. Instead, we recommend to use AFC in Chat.send_message_stream.
[AttentionIsAllYouNeed_hypothesis_altered.json] already checked, skipping
[AttentionIsAllYouNeed_hypothesis_established_belief_conflict_altered.json] win_rate_for_original=1.0
[AttentionIsAllYouNeed_hypothesis_internal_contradiction_altered.json] win_rate_for_original=1.0
[AttentionIsAllYouNeed_hypothesis_premise_undermining_altered.json] already checked, skipping
[BERT_hypothesis_altered.json] win_rate_for_original=1.0
[BERT_hypothesis_established_belief_conflict_altered.json] win_rate_for_original=1.0
[BERT_hypothesis_internal_contradiction_altered.json] win_rate_for_original=1.0
[BERT_hypothesis_premise_undermining_altered.json] win_rate_for_original=1.0
[FLAWS_hypothesis_altered.json] win_rate_for_original=1.0
[FLAWS_hypothesis_established_belief_conflict_altered.json] win_rate_for_original=1.0
[FLAWS_hypothesis_internal_contradiction_altered.json] win_rate_for_original=0.0
[FLAWS_hypothesis_premise_undermining_altered.json] win_rate_for_original=1.0
[InnoEval_hypothesis_altered.json] win_rate_for_original=1.0
[InnoEval_hypothesis_established_belief_conflict_altered.json] win_rate_for_original=1.0
[InnoEval_hypothesis_internal_contradiction_altered.json] win_rate_for_original=1.0
[InnoEval_hypothesis_premise_undermining_altered.json] win_rate_for_original=1.0
[SoundnessBench_hypothesis_altered.json] win_rate_for_original=1.0
[SoundnessBench_hypothesis_established_belief_conflict_altered.json] win_rate_for_original=1.0
[SoundnessBench_hypothesis_internal_contradiction_altered.json] win_rate_for_original=1.0
[SoundnessBench_hypothesis_premise_undermining_altered.json] win_rate_for_original=1.0
EXIT: 0
